


##########################################################

 Comunicacion punto-a-punto bloqueante: MPI_Send, MPI_Recv 

 Dimension del vector: 20000000
 Numero de procesos: 8

##########################################################

                --> ANTES DE LA COMUNICACION <--

Proceso 0 : Suma del vector enviado a 1 = 9.998747e+06
Proceso 1 : Suma del vector enviado a 2 = 9.999233e+06
Proceso 2 : Suma del vector enviado a 3 = 9.999102e+06
Proceso 3 : Suma del vector enviado a 4 = 1.000117e+07
Proceso 4 : Suma del vector enviado a 5 = 1.000006e+07
Proceso 5 : Suma del vector enviado a 6 = 1.000056e+07
Proceso 6 : Suma del vector enviado a 7 = 9.997807e+06
Proceso 7 : Suma del vector enviado a 0 = 9.999538e+06

##########################################################

                --> DESPUES DE LA COMUNICACION <-- 

Proceso 0 : Suma del vector recibido = 9.999538e+06 : Tiempo=0.089695 segundos
Proceso 1 : Suma del vector recibido = 9.998747e+06 : Tiempo=0.170781 segundos
Proceso 2 : Suma del vector recibido = 9.999233e+06 : Tiempo=0.259301 segundos
Proceso 3 : Suma del vector recibido = 9.999102e+06 : Tiempo=0.345750 segundos
Proceso 4 : Suma del vector recibido = 1.000117e+07 : Tiempo=0.436455 segundos
Proceso 5 : Suma del vector recibido = 1.000006e+07 : Tiempo=0.534192 segundos
Proceso 6 : Suma del vector recibido = 1.000056e+07 : Tiempo=0.642372 segundos
Proceso 7 : Suma del vector recibido = 9.997807e+06 : Tiempo=0.742642 segundos

##########################################################

 Tiempo de comunicacion : 0.739486 seconds

##########################################################

