


##########################################################

 Comunicacion punto-a-punto no bloqueante: MPI_Isend, MPI_Irecv 

 Dimension del vector: 10000000
 Numero de procesos: 8

##########################################################

                --> ANTES DE LA COMUNICACION <--

Proceso 0 : Suma del vector enviado a 1 = 5.000677e+06
Proceso 1 : Suma del vector enviado a 2 = 4.998728e+06
Proceso 2 : Suma del vector enviado a 3 = 4.998526e+06
Proceso 3 : Suma del vector enviado a 4 = 4.999779e+06
Proceso 4 : Suma del vector enviado a 5 = 5.000977e+06
Proceso 5 : Suma del vector enviado a 6 = 5.000028e+06
Proceso 6 : Suma del vector enviado a 7 = 4.999231e+06
Proceso 7 : Suma del vector enviado a 0 = 4.999705e+06
##########################################################

                --> DESPUES DE LA COMUNICACION <-- 

Proceso 0 : Suma del vector recibido = 4.999705e+06 : Tiempo=2.870657 segundos
Proceso 1 : Suma del vector recibido = 5.000677e+06 : Tiempo=1.409763 segundos
Proceso 2 : Suma del vector recibido = 4.998728e+06 : Tiempo=2.013440 segundos
Proceso 3 : Suma del vector recibido = 4.998526e+06 : Tiempo=2.056497 segundos
Proceso 4 : Suma del vector recibido = 4.999779e+06 : Tiempo=2.841935 segundos
Proceso 5 : Suma del vector recibido = 5.000977e+06 : Tiempo=1.448389 segundos
Proceso 6 : Suma del vector recibido = 5.000028e+06 : Tiempo=2.183559 segundos
Proceso 7 : Suma del vector recibido = 4.999231e+06 : Tiempo=2.782552 segundos

##########################################################

 Tiempo de comunicacion : 1.383601 seconds

##########################################################

